≡ƒÄñ Loading Love in One puzzles...
(node:15436) [MODULE_TYPELESS_PACKAGE_JSON] Warning: Module type of file:///C:/Users/huseinm/Downloads/husein-games/tools/generate-tts-batch.js is not specified and it doesn't parse as CommonJS.
Reparsing as ES module because module syntax was detected. This incurs a performance overhead.
To eliminate this warning, add "type": "module" to C:\Users\huseinm\Downloads\husein-games\package.json.
(Use `node --trace-warnings ...` to show where the warning was created)
Γ£ô Loaded 300 puzzles

≡ƒöè Starting batch TTS generation (300 sentences)...

Γƒ│ [1/300] Generating: sentence-0.mp3... Γ£ô
Γƒ│ [2/300] Generating: sentence-1.mp3... Γ£ô
Γƒ│ [3/300] Generating: sentence-2.mp3... Γ£ô
Γƒ│ [4/300] Generating: sentence-3.mp3... Γ£ô
Γƒ│ [5/300] Generating: sentence-4.mp3... Γ£ô
Γƒ│ [6/300] Generating: sentence-5.mp3... Γ£ô
Γƒ│ [7/300] Generating: sentence-6.mp3... Γ£ô
Γƒ│ [8/300] Generating: sentence-7.mp3... Γ£ô
Γƒ│ [9/300] Generating: sentence-8.mp3... Γ£ô
Γƒ│ [10/300] Generating: sentence-9.mp3... Γ£ô
Γƒ│ [11/300] Generating: sentence-10.mp3... Γ£ô
Γƒ│ [12/300] Generating: sentence-11.mp3... Γ£ô
Γƒ│ [13/300] Generating: sentence-12.mp3... Γ£ô
Γƒ│ [14/300] Generating: sentence-13.mp3... Γ£ô
Γƒ│ [15/300] Generating: sentence-14.mp3... Γ£ô
Γƒ│ [16/300] Generating: sentence-15.mp3... Γ£ô
Γƒ│ [17/300] Generating: sentence-16.mp3... Γ£ô
Γƒ│ [18/300] Generating: sentence-17.mp3... Γ£ô
Γƒ│ [19/300] Generating: sentence-18.mp3... Γ£ô
Γƒ│ [20/300] Generating: sentence-19.mp3... Γ£ô
Γƒ│ [21/300] Generating: sentence-20.mp3... Γ£ô
Γƒ│ [22/300] Generating: sentence-21.mp3... Γ£ô
Γƒ│ [23/300] Generating: sentence-22.mp3... Γ£ô
Γƒ│ [24/300] Generating: sentence-23.mp3... Γ£ô
Γƒ│ [25/300] Generating: sentence-24.mp3... Γ£ô
Γƒ│ [26/300] Generating: sentence-25.mp3... Γ£ô
Γƒ│ [27/300] Generating: sentence-26.mp3... Γ£ô
Γƒ│ [28/300] Generating: sentence-27.mp3... Γ£ô
Γƒ│ [29/300] Generating: sentence-28.mp3... Γ£ô
Γƒ│ [30/300] Generating: sentence-29.mp3... Γ£ô
Γƒ│ [31/300] Generating: sentence-30.mp3... Γ£ô
Γƒ│ [32/300] Generating: sentence-31.mp3... Γ£ô
Γƒ│ [33/300] Generating: sentence-32.mp3... Γ£ô
Γƒ│ [34/300] Generating: sentence-33.mp3... Γ£ô
Γƒ│ [35/300] Generating: sentence-34.mp3... Γ£ô
Γƒ│ [36/300] Generating: sentence-35.mp3... Γ£ô
Γƒ│ [37/300] Generating: sentence-36.mp3... Γ£ô
Γƒ│ [38/300] Generating: sentence-37.mp3... Γ£ô
Γƒ│ [39/300] Generating: sentence-38.mp3... Γ£ô
Γƒ│ [40/300] Generating: sentence-39.mp3... Γ£ô
Γƒ│ [41/300] Generating: sentence-40.mp3... Γ£ô
Γƒ│ [42/300] Generating: sentence-41.mp3... Γ£ô
Γƒ│ [43/300] Generating: sentence-42.mp3... Γ£ô
Γƒ│ [44/300] Generating: sentence-43.mp3... Γ£ô
Γƒ│ [45/300] Generating: sentence-44.mp3... Γ£ô
Γƒ│ [46/300] Generating: sentence-45.mp3... Γ£ô
Γƒ│ [47/300] Generating: sentence-46.mp3... Γ£ô
Γƒ│ [48/300] Generating: sentence-47.mp3... Γ£ô
Γƒ│ [49/300] Generating: sentence-48.mp3... Γ£ô
Γƒ│ [50/300] Generating: sentence-49.mp3... Γ£ô
Γƒ│ [51/300] Generating: sentence-50.mp3... Γ£ô
Γƒ│ [52/300] Generating: sentence-51.mp3... Γ£ô
Γƒ│ [53/300] Generating: sentence-52.mp3... Γ£ô
Γƒ│ [54/300] Generating: sentence-53.mp3... Γ£ô
Γƒ│ [55/300] Generating: sentence-54.mp3... Γ£ô
Γƒ│ [56/300] Generating: sentence-55.mp3... Γ£ô
Γƒ│ [57/300] Generating: sentence-56.mp3... Γ£ô
Γƒ│ [58/300] Generating: sentence-57.mp3... Γ£ô
Γƒ│ [59/300] Generating: sentence-58.mp3... Γ£ô
Γƒ│ [60/300] Generating: sentence-59.mp3... Γ£ô
Γƒ│ [61/300] Generating: sentence-60.mp3... Γ£ô
Γƒ│ [62/300] Generating: sentence-61.mp3... Γ£ô
Γƒ│ [63/300] Generating: sentence-62.mp3... Γ£ô
Γƒ│ [64/300] Generating: sentence-63.mp3... Γ£ô
Γƒ│ [65/300] Generating: sentence-64.mp3... Γ£ô
Γƒ│ [66/300] Generating: sentence-65.mp3... Γ£ô
Γƒ│ [67/300] Generating: sentence-66.mp3... Γ£ô
Γƒ│ [68/300] Generating: sentence-67.mp3... Γ£ô
Γƒ│ [69/300] Generating: sentence-68.mp3... Γ£ô
Γƒ│ [70/300] Generating: sentence-69.mp3... Γ£ô
Γƒ│ [71/300] Generating: sentence-70.mp3... Γ£ô
Γƒ│ [72/300] Generating: sentence-71.mp3... Γ£ô
Γƒ│ [73/300] Generating: sentence-72.mp3... Γ£ô
Γƒ│ [74/300] Generating: sentence-73.mp3... Γ£ô
Γƒ│ [75/300] Generating: sentence-74.mp3... Γ£ô
Γƒ│ [76/300] Generating: sentence-75.mp3... Γ£ô
Γƒ│ [77/300] Generating: sentence-76.mp3... Γ£ô
Γƒ│ [78/300] Generating: sentence-77.mp3... Γ£ô
Γƒ│ [79/300] Generating: sentence-78.mp3... Γ£ô
Γƒ│ [80/300] Generating: sentence-79.mp3... Γ£ô
Γƒ│ [81/300] Generating: sentence-80.mp3... Γ£ô
Γƒ│ [82/300] Generating: sentence-81.mp3... Γ£ô
Γƒ│ [83/300] Generating: sentence-82.mp3... Γ£ô
Γƒ│ [84/300] Generating: sentence-83.mp3... Γ£ô
Γƒ│ [85/300] Generating: sentence-84.mp3... Γ£ô
Γƒ│ [86/300] Generating: sentence-85.mp3... Γ£ô
Γƒ│ [87/300] Generating: sentence-86.mp3... Γ£ô
Γƒ│ [88/300] Generating: sentence-87.mp3... Γ£ô
Γƒ│ [89/300] Generating: sentence-88.mp3... Γ£ô
Γƒ│ [90/300] Generating: sentence-89.mp3... Γ£ô
Γƒ│ [91/300] Generating: sentence-90.mp3... Γ£ô
Γƒ│ [92/300] Generating: sentence-91.mp3... Γ£ô
Γƒ│ [93/300] Generating: sentence-92.mp3... Γ£ô
Γƒ│ [94/300] Generating: sentence-93.mp3... Γ£ô
Γƒ│ [95/300] Generating: sentence-94.mp3... Γ£ô
Γƒ│ [96/300] Generating: sentence-95.mp3... Γ£ô
Γƒ│ [97/300] Generating: sentence-96.mp3... Γ£ô
Γƒ│ [98/300] Generating: sentence-97.mp3... Γ£ô
Γƒ│ [99/300] Generating: sentence-98.mp3... Γ£ô
Γƒ│ [100/300] Generating: sentence-99.mp3... Γ£ô
Γƒ│ [101/300] Generating: sentence-100.mp3... Γ£ô
Γƒ│ [102/300] Generating: sentence-101.mp3... Γ£ô
Γƒ│ [103/300] Generating: sentence-102.mp3... Γ£ô
Γƒ│ [104/300] Generating: sentence-103.mp3... Γ£ô
Γƒ│ [105/300] Generating: sentence-104.mp3... Γ£ô
Γƒ│ [106/300] Generating: sentence-105.mp3... Γ£ô
Γƒ│ [107/300] Generating: sentence-106.mp3... Γ£ô
Γƒ│ [108/300] Generating: sentence-107.mp3... Γ£ô
Γƒ│ [109/300] Generating: sentence-108.mp3... Γ£ô
Γƒ│ [110/300] Generating: sentence-109.mp3... Γ£ô
Γƒ│ [111/300] Generating: sentence-110.mp3... Γ£ô
Γƒ│ [112/300] Generating: sentence-111.mp3... Γ£ô
Γƒ│ [113/300] Generating: sentence-112.mp3... Γ£ô
Γƒ│ [114/300] Generating: sentence-113.mp3... Γ£ô
Γƒ│ [115/300] Generating: sentence-114.mp3... Γ£ô
Γƒ│ [116/300] Generating: sentence-115.mp3... Γ£ô
Γƒ│ [117/300] Generating: sentence-116.mp3... Γ£ô
Γƒ│ [118/300] Generating: sentence-117.mp3... Γ£ô
Γƒ│ [119/300] Generating: sentence-118.mp3... Γ£ô
Γƒ│ [120/300] Generating: sentence-119.mp3... Γ£ô
Γƒ│ [121/300] Generating: sentence-120.mp3... Γ£ô
Γƒ│ [122/300] Generating: sentence-121.mp3... Γ£ô
Γƒ│ [123/300] Generating: sentence-122.mp3... Γ£ô
Γƒ│ [124/300] Generating: sentence-123.mp3... Γ£ô
Γƒ│ [125/300] Generating: sentence-124.mp3... Γ£ô
Γƒ│ [126/300] Generating: sentence-125.mp3... Γ£ô
Γƒ│ [127/300] Generating: sentence-126.mp3... Γ£ô
Γƒ│ [128/300] Generating: sentence-127.mp3... Γ£ô
Γƒ│ [129/300] Generating: sentence-128.mp3... Γ£ô
Γƒ│ [130/300] Generating: sentence-129.mp3... Γ£ô
Γƒ│ [131/300] Generating: sentence-130.mp3... Γ£ô
Γƒ│ [132/300] Generating: sentence-131.mp3... Γ£ô
Γƒ│ [133/300] Generating: sentence-132.mp3... Γ£ô
Γƒ│ [134/300] Generating: sentence-133.mp3... Γ£ô
Γƒ│ [135/300] Generating: sentence-134.mp3... Γ£ô
Γƒ│ [136/300] Generating: sentence-135.mp3... Γ£ô
Γƒ│ [137/300] Generating: sentence-136.mp3... Γ£ô
Γƒ│ [138/300] Generating: sentence-137.mp3... Γ£ô
Γƒ│ [139/300] Generating: sentence-138.mp3... Γ£ô
Γƒ│ [140/300] Generating: sentence-139.mp3... Γ£ô
Γƒ│ [141/300] Generating: sentence-140.mp3... Γ£ô
Γƒ│ [142/300] Generating: sentence-141.mp3... Γ£ô
Γƒ│ [143/300] Generating: sentence-142.mp3... Γ£ô
Γƒ│ [144/300] Generating: sentence-143.mp3... Γ£ô
Γƒ│ [145/300] Generating: sentence-144.mp3... Γ£ô
Γƒ│ [146/300] Generating: sentence-145.mp3... Γ£ô
Γƒ│ [147/300] Generating: sentence-146.mp3... Γ£ô
Γƒ│ [148/300] Generating: sentence-147.mp3... Γ£ô
Γƒ│ [149/300] Generating: sentence-148.mp3... Γ£ô
Γƒ│ [150/300] Generating: sentence-149.mp3... Γ£ô
Γƒ│ [151/300] Generating: sentence-150.mp3... Γ£ô
Γƒ│ [152/300] Generating: sentence-151.mp3... Γ£ô
Γƒ│ [153/300] Generating: sentence-152.mp3... Γ£ô
Γƒ│ [154/300] Generating: sentence-153.mp3... Γ£ô
Γƒ│ [155/300] Generating: sentence-154.mp3... Γ£ô
Γƒ│ [156/300] Generating: sentence-155.mp3... Γ£ô
Γƒ│ [157/300] Generating: sentence-156.mp3... Γ£ô
Γƒ│ [158/300] Generating: sentence-157.mp3... Γ£ô
Γƒ│ [159/300] Generating: sentence-158.mp3... Γ£ô
Γƒ│ [160/300] Generating: sentence-159.mp3... Γ£ô
Γƒ│ [161/300] Generating: sentence-160.mp3... Γ£ô
Γƒ│ [162/300] Generating: sentence-161.mp3... Γ£ô
Γƒ│ [163/300] Generating: sentence-162.mp3... Γ£ô
Γƒ│ [164/300] Generating: sentence-163.mp3... Γ£ô
Γƒ│ [165/300] Generating: sentence-164.mp3... Γ£ô
Γƒ│ [166/300] Generating: sentence-165.mp3... Γ£ô
Γƒ│ [167/300] Generating: sentence-166.mp3... Γ£ô
Γƒ│ [168/300] Generating: sentence-167.mp3... Γ£ô
Γƒ│ [169/300] Generating: sentence-168.mp3... Γ£ô
Γƒ│ [170/300] Generating: sentence-169.mp3... Γ£ô
Γƒ│ [171/300] Generating: sentence-170.mp3... Γ£ô
Γƒ│ [172/300] Generating: sentence-171.mp3... Γ£ô
Γƒ│ [173/300] Generating: sentence-172.mp3... Γ£ô
Γƒ│ [174/300] Generating: sentence-173.mp3... Γ£ô
Γƒ│ [175/300] Generating: sentence-174.mp3... Γ£ô
Γƒ│ [176/300] Generating: sentence-175.mp3... Γ£ô
Γƒ│ [177/300] Generating: sentence-176.mp3... Γ£ô
Γƒ│ [178/300] Generating: sentence-177.mp3... Γ£ô
Γƒ│ [179/300] Generating: sentence-178.mp3... Γ£ô
Γƒ│ [180/300] Generating: sentence-179.mp3... Γ£ô
Γƒ│ [181/300] Generating: sentence-180.mp3... Γ£ô
Γƒ│ [182/300] Generating: sentence-181.mp3... Γ£ô
Γƒ│ [183/300] Generating: sentence-182.mp3... Γ£ô
Γƒ│ [184/300] Generating: sentence-183.mp3... Γ£ô
Γƒ│ [185/300] Generating: sentence-184.mp3... Γ£ô
Γƒ│ [186/300] Generating: sentence-185.mp3... Γ£ô
Γƒ│ [187/300] Generating: sentence-186.mp3... Γ£ô
Γƒ│ [188/300] Generating: sentence-187.mp3... Γ£ô
Γƒ│ [189/300] Generating: sentence-188.mp3... Γ£ô
Γƒ│ [190/300] Generating: sentence-189.mp3... Γ£ô
Γƒ│ [191/300] Generating: sentence-190.mp3... Γ£ô
Γƒ│ [192/300] Generating: sentence-191.mp3... Γ£ô
Γƒ│ [193/300] Generating: sentence-192.mp3... Γ£ô
Γƒ│ [194/300] Generating: sentence-193.mp3... Γ£ô
Γƒ│ [195/300] Generating: sentence-194.mp3... Γ£ô
Γƒ│ [196/300] Generating: sentence-195.mp3... Γ£ô
Γƒ│ [197/300] Generating: sentence-196.mp3... Γ£ô
Γƒ│ [198/300] Generating: sentence-197.mp3... Γ£ô
Γƒ│ [199/300] Generating: sentence-198.mp3... Γ£ô
Γƒ│ [200/300] Generating: sentence-199.mp3... Γ£ô
Γƒ│ [201/300] Generating: sentence-200.mp3... Γ£ô
Γƒ│ [202/300] Generating: sentence-201.mp3... Γ£ô
Γƒ│ [203/300] Generating: sentence-202.mp3... Γ£ô
Γƒ│ [204/300] Generating: sentence-203.mp3... Γ£ô
Γƒ│ [205/300] Generating: sentence-204.mp3... Γ£ô
Γƒ│ [206/300] Generating: sentence-205.mp3... Γ£ô
Γƒ│ [207/300] Generating: sentence-206.mp3... Γ£ô
Γƒ│ [208/300] Generating: sentence-207.mp3... Γ£ô
Γƒ│ [209/300] Generating: sentence-208.mp3... Γ£ô
Γƒ│ [210/300] Generating: sentence-209.mp3... Γ£ô
Γƒ│ [211/300] Generating: sentence-210.mp3... Γ£ô
Γƒ│ [212/300] Generating: sentence-211.mp3... Γ£ô
Γƒ│ [213/300] Generating: sentence-212.mp3... Γ£ô
Γƒ│ [214/300] Generating: sentence-213.mp3... Γ£ô
Γƒ│ [215/300] Generating: sentence-214.mp3... Γ£ô
Γƒ│ [216/300] Generating: sentence-215.mp3... Γ£ô
Γƒ│ [217/300] Generating: sentence-216.mp3... Γ£ô
Γƒ│ [218/300] Generating: sentence-217.mp3... Γ£ô
Γƒ│ [219/300] Generating: sentence-218.mp3... Γ£ô
Γƒ│ [220/300] Generating: sentence-219.mp3... Γ£ô
Γƒ│ [221/300] Generating: sentence-220.mp3... Γ£ô
Γƒ│ [222/300] Generating: sentence-221.mp3... Γ£ô
Γƒ│ [223/300] Generating: sentence-222.mp3... Γ£ô
Γƒ│ [224/300] Generating: sentence-223.mp3... Γ£ô
Γƒ│ [225/300] Generating: sentence-224.mp3... Γ£ô
Γƒ│ [226/300] Generating: sentence-225.mp3... Γ£ô
Γƒ│ [227/300] Generating: sentence-226.mp3... Γ£ô
Γƒ│ [228/300] Generating: sentence-227.mp3... Γ£ô
Γƒ│ [229/300] Generating: sentence-228.mp3... Γ£ô
Γƒ│ [230/300] Generating: sentence-229.mp3... Γ£ô
Γƒ│ [231/300] Generating: sentence-230.mp3... Γ£ô
Γƒ│ [232/300] Generating: sentence-231.mp3... Γ£ô
Γƒ│ [233/300] Generating: sentence-232.mp3... Γ£ô
Γƒ│ [234/300] Generating: sentence-233.mp3... Γ£ô
Γƒ│ [235/300] Generating: sentence-234.mp3... Γ£ô
Γƒ│ [236/300] Generating: sentence-235.mp3... Γ£ô
Γƒ│ [237/300] Generating: sentence-236.mp3... Γ£ô
Γƒ│ [238/300] Generating: sentence-237.mp3... Γ£ô
Γƒ│ [239/300] Generating: sentence-238.mp3... Γ£ô
Γƒ│ [240/300] Generating: sentence-239.mp3... Γ£ô
Γƒ│ [241/300] Generating: sentence-240.mp3... Γ£ô
Γƒ│ [242/300] Generating: sentence-241.mp3... Γ£ô
Γƒ│ [243/300] Generating: sentence-242.mp3... Γ£ô
Γƒ│ [244/300] Generating: sentence-243.mp3... Γ£ô
Γƒ│ [245/300] Generating: sentence-244.mp3... Γ£ô
Γƒ│ [246/300] Generating: sentence-245.mp3... Γ£ô
Γƒ│ [247/300] Generating: sentence-246.mp3... Γ£ô
Γƒ│ [248/300] Generating: sentence-247.mp3... Γ£ô
Γƒ│ [249/300] Generating: sentence-248.mp3... Γ£ô
Γƒ│ [250/300] Generating: sentence-249.mp3... Γ£ô
Γƒ│ [251/300] Generating: sentence-250.mp3... Γ£ô
Γƒ│ [252/300] Generating: sentence-251.mp3... Γ£ô
Γƒ│ [253/300] Generating: sentence-252.mp3... Γ£ô
Γƒ│ [254/300] Generating: sentence-253.mp3... Γ£ô
Γƒ│ [255/300] Generating: sentence-254.mp3... Γ£ô
Γƒ│ [256/300] Generating: sentence-255.mp3... Γ£ô
Γƒ│ [257/300] Generating: sentence-256.mp3... Γ£ô
Γƒ│ [258/300] Generating: sentence-257.mp3... Γ£ô
Γƒ│ [259/300] Generating: sentence-258.mp3... Γ£ô
Γƒ│ [260/300] Generating: sentence-259.mp3... Γ£ô
Γƒ│ [261/300] Generating: sentence-260.mp3... Γ£ô
Γƒ│ [262/300] Generating: sentence-261.mp3... Γ£ô
Γƒ│ [263/300] Generating: sentence-262.mp3... Γ£ô
Γƒ│ [264/300] Generating: sentence-263.mp3... Γ£ô
Γƒ│ [265/300] Generating: sentence-264.mp3... Γ£ô
Γƒ│ [266/300] Generating: sentence-265.mp3... Γ£ô
Γƒ│ [267/300] Generating: sentence-266.mp3... Γ£ô
Γƒ│ [268/300] Generating: sentence-267.mp3... Γ£ô
Γƒ│ [269/300] Generating: sentence-268.mp3... Γ£ô
Γƒ│ [270/300] Generating: sentence-269.mp3... Γ£ô
Γƒ│ [271/300] Generating: sentence-270.mp3... Γ£ô
Γƒ│ [272/300] Generating: sentence-271.mp3... Γ£ô
Γƒ│ [273/300] Generating: sentence-272.mp3... Γ£ô
Γƒ│ [274/300] Generating: sentence-273.mp3... Γ£ô
Γƒ│ [275/300] Generating: sentence-274.mp3... Γ£ô
Γƒ│ [276/300] Generating: sentence-275.mp3... Γ£ô
Γƒ│ [277/300] Generating: sentence-276.mp3... Γ£ô
Γƒ│ [278/300] Generating: sentence-277.mp3... Γ£ô
Γƒ│ [279/300] Generating: sentence-278.mp3... Γ£ô
Γƒ│ [280/300] Generating: sentence-279.mp3... Γ£ô
Γƒ│ [281/300] Generating: sentence-280.mp3... Γ£ô
Γƒ│ [282/300] Generating: sentence-281.mp3... Γ£ô
Γƒ│ [283/300] Generating: sentence-282.mp3... Γ£ô
Γƒ│ [284/300] Generating: sentence-283.mp3... Γ£ô
Γƒ│ [285/300] Generating: sentence-284.mp3... Γ£ô
Γƒ│ [286/300] Generating: sentence-285.mp3... Γ£ô
Γƒ│ [287/300] Generating: sentence-286.mp3... Γ£ô
Γƒ│ [288/300] Generating: sentence-287.mp3... Γ£ô
Γƒ│ [289/300] Generating: sentence-288.mp3... Γ£ô
Γƒ│ [290/300] Generating: sentence-289.mp3... Γ£ô
Γƒ│ [291/300] Generating: sentence-290.mp3... Γ£ô
Γƒ│ [292/300] Generating: sentence-291.mp3... Γ£ô
Γƒ│ [293/300] Generating: sentence-292.mp3... Γ£ô
Γƒ│ [294/300] Generating: sentence-293.mp3... Γ£ô
Γƒ│ [295/300] Generating: sentence-294.mp3... Γ£ô
Γƒ│ [296/300] Generating: sentence-295.mp3... Γ£ô
Γƒ│ [297/300] Generating: sentence-296.mp3... Γ£ô
Γƒ│ [298/300] Generating: sentence-297.mp3... Γ£ô
Γƒ│ [299/300] Generating: sentence-298.mp3... Γ£ô
Γƒ│ [300/300] Generating: sentence-299.mp3... Γ£ô

Γ£ô Manifest saved: C:\Users\huseinm\Downloads\husein-games\public\audio\manifest.json

≡ƒôè Generation Summary:
   Generated: 300
   Skipped:   0
   Failed:    0
   Total:     300/300

Γ£à Batch generation complete! All audio files ready.
